3
true
10
false
true
26
false
77
55
70
11
1337
true